// Jest Snapshot v1, https://goo.gl/fbAQLP

exports[`Response component renders Response 1`] = `
<DocumentFragment>
  <div
    class="Response"
  >
    <h2>
      Response
    </h2>
  </div>
</DocumentFragment>
`;
